[
   {
      "id":1,
      "author":"jhon",
      "title":"first title",
      "body":"first body",
      "created":"2022-04-30T15:27:21.321269+07:00"
   },
   {
      "id":2,
      "author":"michael",
      "title":"second title",
      "body":"second body",
      "created":"2022-04-30T15:27:31.321269+07:00"
   },
   {
      "id":3,
      "author":"asep",
      "title":"three title",
      "body":"three body, after second",
      "created":"2022-04-30T15:27:41.321269+07:00"
   }
]